
> markeplace@0.1.0 build
> next build

node.exe : ΓÜá Warning: Next.js inferred your 
workspace root, but it may not be correct.
At line:1 char:1
+ & "C:\Program Files\nodejs/node.exe" 
"C:\Users\ABDOU PC\AppData\Roami ...
+ ~~~~~~~~~~~~~~~~~~~~~~~~~~~~~~~~~~~~~~~~~~~~~~~~~
~~~~~~~~~~~~~~~~~~~~
    + CategoryInfo          : NotSpecified: (ΓÜá W 
   arning: Ne...not be correct.:String) [], Remot  
  eException
    + FullyQualifiedErrorId : NativeCommandError
 
 We detected multiple lockfiles and selected the 
directory of C:\Users\ABDOU PC\package-lock.json 
as the root directory.
 To silence this warning, set `turbopack.root` in 
your Next.js config, or consider removing one of 
the lockfiles if it's not needed.
   See https://nextjs.org/docs/app/api-reference/co
nfig/next-config-js/turbopack#root-directory for 
more information.
 Detected additional lockfiles: 
   * C:\Users\ABDOU 
PC\Desktop\markeplace\package-lock.json

Γû▓ Next.js 16.1.4 (Turbopack)

ΓÜá The "middleware" file convention is 
deprecated. Please use "proxy" instead. Learn 
more: https://nextjs.org/docs/messages/middleware-t
o-proxy
  Creating an optimized production build ...
Γ£ô Compiled successfully in 5.9s
  Running TypeScript ...
  Collecting page data using 7 workers ...
  Generating static pages using 7 workers (0/8) ...
Error occurred prerendering page "/login". Read 
more: 
https://nextjs.org/docs/messages/prerender-error
Error: @supabase/ssr: Your project's URL and API 
key are required to create a Supabase client!

Check your Supabase project's API settings to find 
these values

https://supabase.com/dashboard/project/_/settings/a
pi
    at <unknown> (https://supabase.com/dashboard/pr
oject/_/settings/api)
    at <unknown> (C:\Users\ABDOU PC\Desktop\markepl
ace\.next\server\chunks\ssr\Desktop_markeplace_dc9e
cad3._.js:55:49)
    at module evaluation (C:\Users\ABDOU PC\Desktop
\markeplace\.next\server\chunks\ssr\Desktop_markepl
ace_dc9ecad3._.js:59:4544)
    at instantiateModule (C:\Users\ABDOU PC\Desktop
\markeplace\.next\server\chunks\ssr\[turbopack]_run
time.js:740:9)
    at getOrInstantiateModuleFromParent 
(C:\Users\ABDOU PC\Desktop\markeplace\.next\server\
chunks\ssr\[turbopack]_runtime.js:763:12)
    at Context.esmImport [as i] (C:\Users\ABDOU PC\
Desktop\markeplace\.next\server\chunks\ssr\[turbopa
ck]_runtime.js:228:20)
    at module evaluation (C:\Users\ABDOU PC\Desktop
\markeplace\.next\server\chunks\ssr\[root-of-the-se
rver]__269f9305._.js:1:1414)
    at instantiateModule (C:\Users\ABDOU PC\Desktop
\markeplace\.next\server\chunks\ssr\[turbopack]_run
time.js:740:9)
    at getOrInstantiateModuleFromParent 
(C:\Users\ABDOU PC\Desktop\markeplace\.next\server\
chunks\ssr\[turbopack]_runtime.js:763:12)
    at Context.commonJsRequire [as r] 
(C:\Users\ABDOU PC\Desktop\markeplace\.next\server\
chunks\ssr\[turbopack]_runtime.js:249:12) {
  digest: '4088353066'
}
Export encountered an error on /login/page: 
/login, exiting the build.
Γ¿» Next.js build worker exited with code: 1 and 
signal: null
