src/app/dashboard/DashboardClient.tsx(132,114): error TS2339: Property 'amount' does not exist on type 'Trade'.
src/app/marketplace/page.tsx(16,9): error TS2353: Object literal may only specify known properties, and 'currency' does not exist in type 'Listing & { seller: Profile; }'.
src/app/marketplace/page.tsx(35,9): error TS2353: Object literal may only specify known properties, and 'currency' does not exist in type 'Listing & { seller: Profile; }'.
src/app/marketplace/page.tsx(54,9): error TS2353: Object literal may only specify known properties, and 'currency' does not exist in type 'Listing & { seller: Profile; }'.
src/app/marketplace/page.tsx(73,9): error TS2353: Object literal may only specify known properties, and 'currency' does not exist in type 'Listing & { seller: Profile; }'.
src/app/marketplace/page.tsx(92,9): error TS2353: Object literal may only specify known properties, and 'currency' does not exist in type 'Listing & { seller: Profile; }'.
src/app/marketplace/page.tsx(111,9): error TS2353: Object literal may only specify known properties, and 'currency' does not exist in type 'Listing & { seller: Profile; }'.
src/app/marketplace/page.tsx(153,43): error TS2339: Property 'currency' does not exist on type 'Listing & { seller: Profile; }'.
src/app/marketplace/page.tsx(164,19): error TS2339: Property 'currency' does not exist on type 'Listing & { seller: Profile; }'.
